Archive member included to satisfy reference by file (symbol)

d:/stm32h747-interfacedev/stm32h747-discovery/stm32h747-discovery/thirdparty/gcc-arm-none-eabi/bin/../lib/gcc/arm-none-eabi/8.3.1/../../../../arm-none-eabi/lib/thumb/v7e-m+dp/hard\libc.a(lib_a-exit.o)
                              d:/stm32h747-interfacedev/stm32h747-discovery/stm32h747-discovery/thirdparty/gcc-arm-none-eabi/bin/../lib/gcc/arm-none-eabi/8.3.1/../../../../arm-none-eabi/lib/thumb/v7e-m+dp/hard/crt0.o (exit)
d:/stm32h747-interfacedev/stm32h747-discovery/stm32h747-discovery/thirdparty/gcc-arm-none-eabi/bin/../lib/gcc/arm-none-eabi/8.3.1/../../../../arm-none-eabi/lib/thumb/v7e-m+dp/hard\libc.a(lib_a-impure.o)
                              d:/stm32h747-interfacedev/stm32h747-discovery/stm32h747-discovery/thirdparty/gcc-arm-none-eabi/bin/../lib/gcc/arm-none-eabi/8.3.1/../../../../arm-none-eabi/lib/thumb/v7e-m+dp/hard\libc.a(lib_a-exit.o) (_global_impure_ptr)
d:/stm32h747-interfacedev/stm32h747-discovery/stm32h747-discovery/thirdparty/gcc-arm-none-eabi/bin/../lib/gcc/arm-none-eabi/8.3.1/../../../../arm-none-eabi/lib/thumb/v7e-m+dp/hard\libc.a(lib_a-init.o)
                              d:/stm32h747-interfacedev/stm32h747-discovery/stm32h747-discovery/thirdparty/gcc-arm-none-eabi/bin/../lib/gcc/arm-none-eabi/8.3.1/../../../../arm-none-eabi/lib/thumb/v7e-m+dp/hard/crt0.o (__libc_init_array)
d:/stm32h747-interfacedev/stm32h747-discovery/stm32h747-discovery/thirdparty/gcc-arm-none-eabi/bin/../lib/gcc/arm-none-eabi/8.3.1/../../../../arm-none-eabi/lib/thumb/v7e-m+dp/hard\libc.a(lib_a-memcpy.o)
                              ./Obj/ewextrte.o (memcpy)
d:/stm32h747-interfacedev/stm32h747-discovery/stm32h747-discovery/thirdparty/gcc-arm-none-eabi/bin/../lib/gcc/arm-none-eabi/8.3.1/../../../../arm-none-eabi/lib/thumb/v7e-m+dp/hard\libc.a(lib_a-memmove.o)
                              ./Obj/ewextrte.o (memmove)
d:/stm32h747-interfacedev/stm32h747-discovery/stm32h747-discovery/thirdparty/gcc-arm-none-eabi/bin/../lib/gcc/arm-none-eabi/8.3.1/../../../../arm-none-eabi/lib/thumb/v7e-m+dp/hard\libc.a(lib_a-memset.o)
                              d:/stm32h747-interfacedev/stm32h747-discovery/stm32h747-discovery/thirdparty/gcc-arm-none-eabi/bin/../lib/gcc/arm-none-eabi/8.3.1/../../../../arm-none-eabi/lib/thumb/v7e-m+dp/hard/crt0.o (memset)
d:/stm32h747-interfacedev/stm32h747-discovery/stm32h747-discovery/thirdparty/gcc-arm-none-eabi/bin/../lib/gcc/arm-none-eabi/8.3.1/../../../../arm-none-eabi/lib/thumb/v7e-m+dp/hard\libc.a(lib_a-rand.o)
                              ./Obj/ewextrte.o (srand)
d:/stm32h747-interfacedev/stm32h747-discovery/stm32h747-discovery/thirdparty/gcc-arm-none-eabi/bin/../lib/gcc/arm-none-eabi/8.3.1/../../../../arm-none-eabi/lib/thumb/v7e-m+dp/hard\libc.a(lib_a-setjmp.o)
                              ./Obj/ewextrte.o (setjmp)
d:/stm32h747-interfacedev/stm32h747-discovery/stm32h747-discovery/thirdparty/gcc-arm-none-eabi/bin/../lib/gcc/arm-none-eabi/8.3.1/../../../../arm-none-eabi/lib/thumb/v7e-m+dp/hard\libc.a(lib_a-strcat.o)
                              ./Obj/ewextrte.o (strcat)
d:/stm32h747-interfacedev/stm32h747-discovery/stm32h747-discovery/thirdparty/gcc-arm-none-eabi/bin/../lib/gcc/arm-none-eabi/8.3.1/../../../../arm-none-eabi/lib/thumb/v7e-m+dp/hard\libc.a(lib_a-strcmp.o)
                              ./Obj/ewextrte.o (strcmp)
d:/stm32h747-interfacedev/stm32h747-discovery/stm32h747-discovery/thirdparty/gcc-arm-none-eabi/bin/../lib/gcc/arm-none-eabi/8.3.1/../../../../arm-none-eabi/lib/thumb/v7e-m+dp/hard\libc.a(lib_a-strcpy.o)
                              ./Obj/ewextrte.o (strcpy)
d:/stm32h747-interfacedev/stm32h747-discovery/stm32h747-discovery/thirdparty/gcc-arm-none-eabi/bin/../lib/gcc/arm-none-eabi/8.3.1/../../../../arm-none-eabi/lib/thumb/v7e-m+dp/hard\libc.a(lib_a-strlen.o)
                              ./Obj/ewextrte.o (strlen)
d:/stm32h747-interfacedev/stm32h747-discovery/stm32h747-discovery/thirdparty/gcc-arm-none-eabi/bin/../lib/gcc/arm-none-eabi/8.3.1/../../../../arm-none-eabi/lib/thumb/v7e-m+dp/hard\libc.a(lib_a-__call_atexit.o)
                              d:/stm32h747-interfacedev/stm32h747-discovery/stm32h747-discovery/thirdparty/gcc-arm-none-eabi/bin/../lib/gcc/arm-none-eabi/8.3.1/../../../../arm-none-eabi/lib/thumb/v7e-m+dp/hard\libc.a(lib_a-exit.o) (__call_exitprocs)
d:/stm32h747-interfacedev/stm32h747-discovery/stm32h747-discovery/thirdparty/gcc-arm-none-eabi/bin/../lib/gcc/arm-none-eabi/8.3.1/../../../../arm-none-eabi/lib/thumb/v7e-m+dp/hard\libc.a(lib_a-atexit.o)
                              d:/stm32h747-interfacedev/stm32h747-discovery/stm32h747-discovery/thirdparty/gcc-arm-none-eabi/bin/../lib/gcc/arm-none-eabi/8.3.1/../../../../arm-none-eabi/lib/thumb/v7e-m+dp/hard\libc.a(lib_a-__call_atexit.o) (atexit)
d:/stm32h747-interfacedev/stm32h747-discovery/stm32h747-discovery/thirdparty/gcc-arm-none-eabi/bin/../lib/gcc/arm-none-eabi/8.3.1/../../../../arm-none-eabi/lib/thumb/v7e-m+dp/hard\libc.a(lib_a-fini.o)
[...]
Memory Configuration

Name             Origin             Length             Attributes
FLASH            0x08000000         0x00200000         xr
DTCRAM           0x20000000         0x00020000         xrw
RAM              0x24000000         0x00080000         xrw
QSPI             0x90000000         0x08000000         xr
*default*        0x00000000         0xffffffff

Linker script and memory map

LOAD d:/stm32h747-interfacedev/stm32h747-discovery/stm32h747-discovery/thirdparty/gcc-arm-none-eabi/bin/../lib/gcc/arm-none-eabi/8.3.1/thumb/v7e-m+dp/hard/crti.o
LOAD d:/stm32h747-interfacedev/stm32h747-discovery/stm32h747-discovery/thirdparty/gcc-arm-none-eabi/bin/../lib/gcc/arm-none-eabi/8.3.1/thumb/v7e-m+dp/hard/crtbegin.o
LOAD d:/stm32h747-interfacedev/stm32h747-discovery/stm32h747-discovery/thirdparty/gcc-arm-none-eabi/bin/../lib/gcc/arm-none-eabi/8.3.1/../../../../arm-none-eabi/lib/thumb/v7e-m+dp/hard/crt0.o
LOAD C:\Users\Tang\AppData\Local\Temp\ccjUXYAx.o
LOAD ./Obj/main.o
LOAD ./Obj/ewmain.o
LOAD ./Obj/DeviceDriver.o
LOAD ./Obj/Core.o
LOAD ./Obj/Effects.o
LOAD ./Obj/Graphics.o
LOAD ./Obj/Resources.o
LOAD ./Obj/Views.o
LOAD ./Obj/Application.o
LOAD ./Obj/ewextrte.o
LOAD ./Obj/ewextgfx.o
LOAD ./Obj/ew_bsp_system.o
LOAD ./Obj/ew_bsp_clock.o
LOAD ./Obj/ew_bsp_event.o
LOAD ./Obj/ew_bsp_display.o
LOAD ./Obj/ew_bsp_touch.o
LOAD ./Obj/ew_bsp_console.o
LOAD ./Obj/ew_bsp_inout.o
LOAD ./Obj/ew_bsp_graphics.o
LOAD ./Obj/stm32h7xx_it.o
LOAD ./Obj/system_stm32h7xx.o
LOAD ./Obj/stm32h7xx_hal.o
LOAD ./Obj/stm32h7xx_hal_rcc.o
LOAD ./Obj/stm32h7xx_hal_rcc_ex.o
LOAD ./Obj/stm32h7xx_hal_cortex.o
LOAD ./Obj/stm32h7xx_hal_dsi.o
LOAD ./Obj/stm32h7xx_hal_gpio.o
LOAD ./Obj/stm32h7xx_hal_sdram.o
LOAD ./Obj/stm32h7xx_hal_dma.o
LOAD ./Obj/stm32h7xx_hal_ltdc.o
LOAD ./Obj/stm32h7xx_hal_dma2d.o
LOAD ./Obj/stm32h7xx_hal_i2c.o
LOAD ./Obj/stm32h7xx_hal_i2c_ex.o
LOAD ./Obj/stm32h7xx_hal_spi.o
LOAD ./Obj/stm32h7xx_ll_fmc.o
LOAD ./Obj/stm32h7xx_hal_uart.o
LOAD ./Obj/stm32h7xx_hal_uart_ex.o
LOAD ./Obj/stm32h7xx_hal_pwr_ex.o
LOAD ./Obj/stm32h7xx_hal_tim.o
LOAD ./Obj/stm32h7xx_hal_tim_ex.o
LOAD ./Obj/stm32h7xx_hal_rtc.o
LOAD ./Obj/stm32h7xx_hal_rtc_ex.o
LOAD ./Obj/stm32h7xx_hal_mdma.o
LOAD ./Obj/stm32h7xx_hal_exti.o
LOAD ./Obj/mt25tl01g.o
LOAD ./Obj/is42s32800j.o
LOAD ./Obj/ft6x06.o
LOAD ./Obj/ft6x06_reg.o
LOAD ./Obj/otm8009a.o
LOAD ./Obj/otm8009a_reg.o
LOAD ./Obj/stm32h747i_discovery.o
LOAD ./Obj/stm32h747i_discovery_sdram.o
LOAD ./Obj/stm32h747i_discovery_lcd.o
LOAD ./Obj/stm32h747i_discovery_bus.o
LOAD ./Obj/stm32h7xx_hal_qspi.o
LOAD ./Obj/stm32h747i_discovery_qspi.o
LOAD ./Obj/list.os
LOAD ./Obj/queue.os
LOAD ./Obj/tasks.os
LOAD ./Obj/timers.os
LOAD ./Obj/cmsis_os.os
LOAD ./Obj/heap_4.os
LOAD ./Obj/port.os
LOAD d:/stm32h747-interfacedev/stm32h747-discovery/stm32h747-discovery/thirdparty/gcc-arm-none-eabi/bin/../lib/gcc/arm-none-eabi/8.3.1/../../../../arm-none-eabi/lib/thumb/v7e-m+dp/hard\libc.a
LOAD d:/stm32h747-interfacedev/stm32h747-discovery/stm32h747-discovery/thirdparty/gcc-arm-none-eabi/bin/../lib/gcc/arm-none-eabi/8.3.1/../../../../arm-none-eabi/lib/thumb/v7e-m+dp/hard\libnosys.a
LOAD d:/stm32h747-interfacedev/stm32h747-discovery/stm32h747-discovery/thirdparty/gcc-arm-none-eabi/bin/../lib/gcc/arm-none-eabi/8.3.1/../../../../arm-none-eabi/lib/thumb/v7e-m+dp/hard\libm.a
LOAD ../../../PlatformPackage/RTE\libewrte-m7-gcc.a
LOAD ../../../PlatformPackage/RGB565\libewgfx-m7-gcc.a
START GROUP
LOAD d:/stm32h747-interfacedev/stm32h747-discovery/stm32h747-discovery/thirdparty/gcc-arm-none-eabi/bin/../lib/gcc/arm-none-eabi/8.3.1/thumb/v7e-m+dp/hard\libgcc.a
LOAD d:/stm32h747-interfacedev/stm32h747-discovery/stm32h747-discovery/thirdparty/gcc-arm-none-eabi/bin/../lib/gcc/arm-none-eabi/8.3.1/../../../../arm-none-eabi/lib/thumb/v7e-m+dp/hard\libc.a
END GROUP
LOAD d:/stm32h747-interfacedev/stm32h747-discovery/stm32h747-discovery/thirdparty/gcc-arm-none-eabi/bin/../lib/gcc/arm-none-eabi/8.3.1/thumb/v7e-m+dp/hard/crtend.o
LOAD d:/stm32h747-interfacedev/stm32h747-discovery/stm32h747-discovery/thirdparty/gcc-arm-none-eabi/bin/../lib/gcc/arm-none-eabi/8.3.1/thumb/v7e-m+dp/hard/crtn.o
                0x2001fff0                _estack = 0x2001fff0
                0x00000200                _Min_Heap_Size = 0x200
                0x00002000                _Min_Stack_Size = 0x2000

.isr_vector     0x08000000      0x298
                0x08000000                . = ALIGN (0x4)
 *(.isr_vector)
 .isr_vector    0x08000000      0x298 C:\Users\Tang\AppData\Local\Temp\ccjUXYAx.o
                0x08000000                g_pfnVectors
                0x08000298                . = ALIGN (0x4)

.SectionEwResource
                0x90000000     0xa208
                0x90000000                . = ALIGN (0x4)
 *(.SectionEwResource)
 .SectionEwResource
                0x90000000     0xa208 ./Obj/Application.o
                0x90000000                _kv_ApplicationFontSmall
                0x90000048                _kc_ApplicationFontSmall
                0x90000168                ____ApplicationFontSmall
                0x90003018                _cl_ApplicationLogoDefault
                0x9000301c                _cp_ApplicationLogoDefault
                0x90003a80                _kv_ApplicationFontLarge
                0x90003adc                _kc_ApplicationFontLarge
                0x90003c50                ____ApplicationFontLarge
                0x9000a208                . = ALIGN (0x4)

.text           0x080002a0    0x36660
                0x080002a0                . = ALIGN (0x4)
 *(.text)
 .text          0x080002a0       0x40 d:/stm32h747-interfacedev/stm32h747-discovery/stm32h747-discovery/thirdparty/gcc-arm-none-eabi/bin/../lib/gcc/arm-none-eabi/8.3.1/thumb/v7e-m+dp/hard/crtbegin.o
 .text          0x080002e0      0x134 d:/stm32h747-interfacedev/stm32h747-discovery/stm32h747-discovery/thirdparty/gcc-arm-none-eabi/bin/../lib/gcc/arm-none-eabi/8.3.1/../../../../arm-none-eabi/lib/thumb/v7e-m+dp/hard\libc.a(lib_a-memcpy.o)
                0x080002e0                memcpy
 .text          0x08000414      0x39c ../../../PlatformPackage/RTE\libewrte-m7-gcc.a(ewcolor.o)
                0x08000414                EwNewColor
                0x08000434                EwMinusColor
                0x0800048c                EwPlusColor
                0x080004ec                EwBlendColor
                0x080005a4                EwBlendColorInt
                0x08000608                EwBlendColorUInt
                0x08000670                EwSetColorRed
                0x080006a4                EwSetColorGreen
                0x080006d8                EwSetColorBlue
                0x0800070c                EwSetColorAlpha
                0x08000740                EwCompColor
                0x08000780                EwGetVariantOfColor
 .text          0x080007b0      0x83c ../../../PlatformPackage/RTE\libewrte-m7-gcc.a(ewdebug.o)
                0x080007b0                EwPrint
                0x08000ca4                EwTrace
                0x08000f98                EwThrow
                0x08000fb0                EwError
                0x08000fbc                EwErrorS
                0x08000fcc                EwErrorPD
                0x08000fdc                EwErrorDD
 .text          0x08000fec      0xb1c ../../../PlatformPackage/RTE\libewrte-m7-gcc.a(ewheap.o)
                0x08000fec                EwInitHeap
                0x08001014                EwDoneHeap
                0x0800102c                EwAddHeapMemoryPool
                0x080010a8                EwGetHeapInfo
                0x0800119c                EwDumpHeap
                0x080012ec                EwVerifyHeap
                0x0800155c                EwAllocHeapBlock
                0x0800177c                EwFreeHeapBlock
                0x08001ae8                EwIsHeapPtr
 .text          0x08001b08      0x954 ../../../PlatformPackage/RTE\libewrte-m7-gcc.a(ewobject.o)
                0x08001b08                XObject__Init
                0x08001b14                XObject__ReInit
                0x08001b18                XObject__Done
                0x08001b1c                EwSetStackBaseAddress
                0x08001b24                EwNewObjectIndirect
                0x08001bc8                EwAttachObjectVariant
                0x08001c78                EwDetachObjectVariant
                0x08001ca8                EwGetAutoObject
                0x08001d9c                EwCastObject
                0x08001dd0                EwCastClass
                0x08001dec                EwClassOf
                0x08001df4                EwLockObject
                0x08001e48                EwUnlockObject
                0x08001ea8                EwReclaimMemory
                0x08002240                EwImmediateReclaimMemory
                0x08002244                EwTestImmediateReclaimMemory
                0x08002248                EwReconstructObjects
                0x08002264                EwPrintProfilerStatistic
 .text          0x0800245c       0xfc ../../../PlatformPackage/RTE\libewrte-m7-gcc.a(ewpoint.o)
                0x0800245c                EwNewPoint
                0x08002464                EwCompPoint
                0x0800249c                EwMovePointNeg
                0x080024c0                EwMovePointPos
                0x080024e4                EwNegPoint
                0x080024fc                EwSetPointX
                0x0800251c                EwSetPointY
                0x0800253c                EwGetVariantOfPoint
 .text          0x08002558      0x580 ../../../PlatformPackage/RTE\libewrte-m7-gcc.a(ewrect.o)
                0x08002558                EwNewRect
                0x08002568                EwNewRect2Point
                0x0800259c                EwCompRect
                0x080025d4                EwIsPointInRect
                0x08002608                EwIsRectEmpty
                0x08002630                EwInflateRect
                0x0800265c                EwIntersectRect
                0x080026ec                EwUnionRect
                0x08002790                EwIntersectRect2
                0x08002834                EwMoveRectNeg
                0x08002860                EwMoveRectPos
                0x0800288c                EwGetRectH
                0x080028a0                EwGetRectW
                0x080028b4                EwGetRectArea
                0x080028d4                EwGetRectSize
                0x080028f4                EwGetRectORect
                0x0800291c                EwGetRectCenter
                0x0800294c                EwSetRectSize
                0x08002978                EwSetRectOrigin
                0x080029a4                EwSetRectX1
                0x080029c4                EwSetRectY1
                0x080029e4                EwSetRectX2
                0x08002a04                EwSetRectY2
                0x08002a24                EwSetRectW
                0x08002a48                EwSetRectH
                0x08002a6c                EwSetRectPoint1
                0x08002a94                EwSetRectPoint2
                0x08002abc                EwGetVariantOfRect
 .text          0x08002ad8      0x4ec ../../../PlatformPackage/RTE\libewrte-m7-gcc.a(ewresource.o)
                0x08002ad8                EwRegisterResource
                0x08002b60                EwDeregisterResource
                0x08002bb4                EwGetLanguage
                0x08002bc0                EwSetLanguage
                0x08002bd4                EwGetStyles
                0x08002be0                EwSetStyles
                0x08002bec                EwStylesContains
                0x08002c00                EwGetVariantOf
                0x08002c64                EwLoadResource
                0x08002cc4                EwGetVariantOfLangId
                0x08002cd0                EwGetVariantOfStylesSet
                0x08002cdc                EwDecompress
                0x08002f94                EwAdaptByteOrder2
                0x08002f98                EwAdaptByteOrder4
                0x08002f9c                EwReleaseDecompressBuffers
 .text          0x08002fc4       0x98 ../../../PlatformPackage/RTE\libewrte-m7-gcc.a(ewscalars.o)
                0x08002fc4                EwSetContains
                0x08002fd8                EwGetVariantOfInt8
                0x08002fe8                EwGetVariantOfInt16
                0x08002ff8                EwGetVariantOfInt32
                0x08003004                EwGetVariantOfUInt8
                0x08003010                EwGetVariantOfUInt16
                0x0800301c                EwGetVariantOfUInt32
                0x08003028                EwGetVariantOfBool
                0x08003034                EwGetVariantOfFloat
                0x08003044                EwGetVariantOfEnum
                0x08003050                EwGetVariantOfSet
 .text          0x0800305c      0x830 ../../../PlatformPackage/RTE\libewrte-m7-gcc.a(ewslot.o)
                0x080031b4                EwMarkSignals
                0x08003208                EwDiscardSignals
                0x08003250                EwDisposeObservers
                0x08003274                EwDisposeSignals
                0x0800328c                EwNewSlot
                0x08003294                EwCompSlot
                0x080032cc                EwSignal
                0x080032e4                EwPostSignal
                0x08003314                EwIdleSignal
                0x0800333c                EwProcessSignals
                0x08003390                EwAnyPendingSignals
                0x080033a8                EwAttachObjObserver
                0x08003498                EwAttachRefObserver
                0x08003590                EwAttachObserver
                0x0800367c                EwDetachObjObserver
                0x080036e4                EwDetachRefObserver
                0x08003764                EwDetachObserver
                0x080037c8                EwNotifyObjObservers
                0x08003808                EwNotifyRefObservers
                0x08003854                EwNotifyObservers
 .text          0x0800388c     0x1814 ../../../PlatformPackage/RTE\libewrte-m7-gcc.a(ewstring.o)
                0x08003c24                ToLower
                0x08003d48                EwDisposeStrings
                0x08003ea0                EwCanMarkString
                0x08003eec                EwFormatUIntToAnsiString
                0x08003fcc                EwFormatIntToAnsiString
                0x080040dc                EwFormatFloatToAnsiString
                0x080042fc                EwNewString
                0x08004324                EwNewStringAnsi
                0x0800436c                EwNewStringUtf8
                0x0800448c                EwNewStringUInt
                0x080044b4                EwNewStringInt
                0x080044dc                EwNewStringFloat
                0x0800451c                EwNewStringChar
                0x08004548                EwCompString
                0x080045a4                EwLoadString
                0x080045b8                EwShareString
                0x080045e0                EwConcatString
                0x08004650                EwConcatStringChar
                0x08004698                EwConcatCharString
                0x080046e8                EwGetStringChar
                0x0800471c                EwSetStringChar
                0x08004794                EwGetStringLength
                0x080047a8                EwGetStringUpper
                0x08004800                EwGetStringLower
                0x08004858                EwStringLeft
                0x080048a0                EwStringRight
                0x080048f0                EwStringMiddle
                0x08004968                EwStringInsert
                0x08004a04                EwStringRemove
                0x08004a88                EwStringFindChar
                0x08004ad4                EwStringFind
                0x08004b50                EwStringParseInt32
                0x08004c94                EwStringParseUInt32
                0x08004dc8                EwStringParseFloat
                0x08004f24                EwStringToAnsi
                0x08004f7c                EwGetUtf8StringLength
                0x08004fb4                EwStringToUtf8
                0x08005058                EwGetVariantOfString
                0x0800507c                EwGetVariantOfChar
                0x08005088                EwGetCharUpper
                0x08005094                EwGetCharLower
 .text          0x080050a0      0x270 ../../../PlatformPackage/RTE\libewrte-m7-gcc.a(ewtimer.o)
                0x080050c8                EwCreateTimer
                0x0800514c                EwDestroyTimer
                0x080051b4                EwStartTimer
                0x08005220                EwResetTimer
                0x08005234                EwProcessTimers
                0x080052d8                EwNextTimerExpiration
 .text          0x08005310     0x6bc8 ../../../PlatformPackage/RGB565\libewgfx-m7-gcc.a(ewextpxl_RGB565.o)
                0x08005310                EwCreateNativeSurface
                0x08005380                EwCreateConstNativeSurface
                0x08005404                EwDestroyNativeSurface
                0x08005444                EwGetNativeSurfaceMemory
                0x0800547c                EwGetNativeSurfaceMemSize
                0x08005488                EwCreateScreenSurface
                0x080054f4                EwDestroyScreenSurface
                0x08005518                EwGetScreenSurfaceMemory
                0x08005540                EwGetScreenSurfaceMemSize
                0x08005548                EwCreateConstRGB565Surface
                0x080055c8                EwCreateRGB565Surface
                0x08005634                EwDestroyRGB565Surface
                0x08005670                EwGetRGB565SurfaceMemory
                0x080056a8                EwGetRGB565SurfaceMemSize
                0x080056b4                EwPackColor
                0x080056c4                EwPackClutEntry
                0x080056d4                EwSetPixelSolid
                0x0800570c                EwSetPixelSolidBlend
                0x080057c0                EwFillRowSolid
                0x08005808                EwFillRowSolidBlend
                0x080058f8                EwFillRowGradient
                0x08005958                EwFillRowGradientBlend
                0x08005a64                EwCopyNativeRow
                0x08005a84                EwCopyNativeRowBlend
                0x08005b2c                EwCopyNativeRowSolid
                0x08005b60                EwCopyNativeRowSolidBlend
                0x08005c0c                EwCopyNativeRowGradient
                0x08005c44                EwCopyNativeRowGradientBlend
                0x08005cfc                EwCopyIndex8Row
                0x08005d20                EwCopyIndex8RowBlend
                0x08005dd0                EwCopyIndex8RowSolid
                0x08005e0c                EwCopyIndex8RowSolidBlend
                0x08005ec0                EwCopyIndex8RowGradient
                0x08005f00                EwCopyIndex8RowGradientBlend
                0x08005fbc                EwCopyAlpha8RowSolid
                0x08006038                EwCopyAlpha8RowSolidBlend
                0x08006144                EwCopyAlpha8RowGradient
                0x080061d8                EwCopyAlpha8RowGradientBlend
                0x08006304                EwCopyRGB565Row
                0x08006350                EwCopyRGB565RowSolid
                0x080063a4                EwCopyRGB565RowSolidBlend
                0x08006470                EwCopyRGB565RowGradient
                0x080064c8                EwCopyRGB565RowGradientBlend
                0x0800658c                EwWarpNativeRow
                0x080065d8                EwWarpNativeRowFilter
                0x080066f0                EwWarpNativeRowBlend
                0x080067d8                EwWarpNativeRowFilterBlend
                0x0800696c                EwWarpNativeRowGradient
                0x08006a54                EwWarpNativeRowFilterGradient
                0x08006c14                EwWarpNativeRowGradientBlend
                0x08006d6c                EwWarpNativeRowFilterGradientBlend
                0x08006f88                EwWarpIndex8Row
                0x08006fdc                EwWarpIndex8RowFilter
                0x08007100                EwWarpIndex8RowBlend
                0x080071f0                EwWarpIndex8RowFilterBlend
                0x08007390                EwWarpIndex8RowGradient
                0x0800747c                EwWarpIndex8RowFilterGradient
                0x08007634                EwWarpIndex8RowGradientBlend
                0x08007794                EwWarpIndex8RowFilterGradientBlend
                0x080079c0                EwWarpAlpha8RowGradient
                0x08007bb0                EwWarpAlpha8RowFilterGradient
                0x08007e18                EwWarpAlpha8RowGradientBlend
                0x080080a8                EwWarpAlpha8RowFilterGradientBlend
                0x08008388                EwWarpRGB565Row
                0x08008404                EwWarpRGB565RowFilter
                0x08008534                EwWarpRGB565RowGradient
                0x08008634                EwWarpRGB565RowFilterGradient
                0x080087ec                EwWarpRGB565RowGradientBlend
                0x08008968                EwWarpRGB565RowFilterGradientBlend
                0x08008b84                EwScreenSetPixelSolid
                0x08008bf4                EwScreenSetPixelSolidBlend
                0x08008c78                EwScreenFillRowSolid
                0x08008d0c                EwScreenFillRowSolidBlend
                0x08008da8                EwScreenFillRowGradient
                0x08008e44                EwScreenFillRowGradientBlend
                0x08008f08                EwScreenCopyNativeRow
                0x08008f5c                EwScreenCopyNativeRowBlend
                0x08008fd0                EwScreenCopyNativeRowSolid
                0x0800902c                EwScreenCopyNativeRowSolidBlend
                0x080090a8                EwScreenCopyNativeRowGradient
                0x08009110                EwScreenCopyNativeRowGradientBlend
                0x08009198                EwScreenCopyIndex8Row
                0x080091f0                EwScreenCopyIndex8RowBlend
                0x08009264                EwScreenCopyIndex8RowSolid
                0x080092c8                EwScreenCopyIndex8RowSolidBlend
                0x0800934c                EwScreenCopyIndex8RowGradient
                0x080093bc                EwScreenCopyIndex8RowGradientBlend
                0x08009448                EwScreenCopyAlpha8RowSolid
                0x080094fc                EwScreenCopyAlpha8RowSolidBlend
                0x080095cc                EwScreenCopyAlpha8RowGradient
                0x080096a4                EwScreenCopyAlpha8RowGradientBlend
                0x080097a0                EwScreenCopyRGB565Row
                0x080097bc                EwScreenCopyRGB565RowSolid
                0x08009804                EwScreenCopyRGB565RowSolidBlend
                0x08009860                EwScreenCopyRGB565RowGradient
                0x080098a8                EwScreenCopyRGB565RowGradientBlend
                0x08009910                EwScreenWarpNativeRow
                0x08009990                EwScreenWarpNativeRowFilter
                0x08009ac0                EwScreenWarpNativeRowBlend
                0x08009b6c                EwScreenWarpNativeRowFilterBlend
                0x08009cbc                EwScreenWarpNativeRowGradient
                0x08009ddc                EwScreenWarpNativeRowFilterGradient
                0x08009fbc                EwScreenWarpNativeRowGradientBlend
                0x0800a0f8                EwScreenWarpNativeRowFilterGradientBlend
                0x0800a2ec                EwScreenWarpIndex8Row
                0x0800a370                EwScreenWarpIndex8RowFilter
                0x0800a4b0                EwScreenWarpIndex8RowBlend
                0x0800a554                EwScreenWarpIndex8RowFilterBlend
                0x0800a6b4                EwScreenWarpIndex8RowGradient
                0x0800a7e4                EwScreenWarpIndex8RowFilterGradient
                0x0800a9d8                EwScreenWarpIndex8RowGradientBlend
                0x0800ab18                EwScreenWarpIndex8RowFilterGradientBlend
                0x0800ad18                EwScreenWarpAlpha8RowGradient
                0x0800af54                EwScreenWarpAlpha8RowFilterGradient
                0x0800b214                EwScreenWarpAlpha8RowGradientBlend
                0x0800b478                EwScreenWarpAlpha8RowFilterGradientBlend
                0x0800b744                EwScreenWarpRGB565Row
                0x0800b790                EwScreenWarpRGB565RowFilter
                0x0800b88c                EwScreenWarpRGB565RowGradient
                0x0800b998                EwScreenWarpRGB565RowFilterGradient
                0x0800bb60                EwScreenWarpRGB565RowGradientBlend
                0x0800bc88                EwScreenWarpRGB565RowFilterGradientBlend
                0x0800be58                EwWarpNativeRowSolid
                0x0800be5c                EwWarpNativeRowSolidBlend
                0x0800be60                EwWarpNativeRowFilterSolid
                0x0800be64                EwWarpNativeRowFilterSolidBlend
                0x0800be68                EwWarpIndex8RowSolid
                0x0800be6c                EwWarpIndex8RowSolidBlend
                0x0800be70                EwWarpIndex8RowFilterSolid
                0x0800be74                EwWarpIndex8RowFilterSolidBlend
                0x0800be78                EwWarpAlpha8RowSolid
                0x0800be7c                EwWarpAlpha8RowSolidBlend
                0x0800be80                EwWarpAlpha8RowFilterSolid
                0x0800be84                EwWarpAlpha8RowFilterSolidBlend
                0x0800be88                EwWarpRGB565RowSolid
                0x0800be8c                EwWarpRGB565RowSolidBlend
                0x0800be90                EwWarpRGB565RowFilterSolid
                0x0800be94                EwWarpRGB565RowFilterSolidBlend
                0x0800be98                EwScreenWarpNativeRowSolid
                0x0800be9c                EwScreenWarpNativeRowSolidBlend
                0x0800bea0                EwScreenWarpNativeRowFilterSolid
                0x0800bea4                EwScreenWarpNativeRowFilterSolidBlend
                0x0800bea8                EwScreenWarpIndex8RowSolid
                0x0800beac                EwScreenWarpIndex8RowSolidBlend
                0x0800beb0                EwScreenWarpIndex8RowFilterSolid
                0x0800beb4                EwScreenWarpIndex8RowFilterSolidBlend
                0x0800beb8                EwScreenWarpAlpha8RowSolid
                0x0800bebc                EwScreenWarpAlpha8RowSolidBlend
                0x0800bec0                EwScreenWarpAlpha8RowFilterSolid
                0x0800bec4                EwScreenWarpAlpha8RowFilterSolidBlend
                0x0800bec8                EwScreenWarpRGB565RowSolid
                0x0800becc                EwScreenWarpRGB565RowSolidBlend
                0x0800bed0                EwScreenWarpRGB565RowFilterSolid
                0x0800bed4                EwScreenWarpRGB565RowFilterSolidBlend
 .text          0x0800bed8     0x93b8 ../../../PlatformPackage/RGB565\libewgfx-m7-gcc.a(ewgfx.o)
                0x0800d7fc                EwEnableGfxTaskTracing
                0x0800d80c                EwFreeBitmap
                0x0800d874                EwDoneGraphicsEngine
                0x0800d8b0                EwCreateBitmap
                0x0800d940                EwLoadBitmap
                0x0800db00                EwLockBitmap
                0x0800dc48                EwUnlockBitmap
                0x0800dc78                EwInitGraphicsEngine
                0x0800de98                EwModifyBitmapPalette
                0x0800df98                EwFlushBitmap
                0x0800dfc0                EwLoadFont
                0x0800e08c                EwFreeFont
                0x0800e0b4                EwInitViewport
                0x0800e208                EwBeginUpdate
                0x0800e2b0                EwBeginUpdateArea
                0x0800e3cc                EwFillRectangle
                0x0800e624                EwDrawBorder
                0x0800e828                EwCreatePath
                0x0800e8b0                EwGetSVGParserStatus
                0x0800e8bc                EwGetSVGParserErrorPos
                0x0800e8c8                EwFreePath
                0x0800e94c                EwGetMaxNoOfSubPaths
                0x0800e954                EwInitSubPath
                0x0800ea60                EwBeginSubPath
                0x0800eb00                EwAddSubPathLine
                0x0800ebd4                EwAddSubPathBezier2
                0x0800ed60                EwAddSubPathBezier3
                0x0800ef34                EwAddSubPathArc
                0x0800f140                EwAddSubPathCopy
                0x0800f370                EwCloseSubPath
                0x0800f41c                EwShiftSubPathNodes
                0x0800f4ec                EwSetSubPathNode
                0x0800f5c8                EwGetSubPathNodeX
                0x0800f5fc                EwGetSubPathNodeY
                0x0800f630                EwGetNoOfSubPathEdges
                0x0800f64c                EwGetNoOfFreeSubPathEdges
                0x0800f674                EwIsSubPathClosed
                0x0800f698                EwGetSubPathBounds
                0x0800f6d8                EwGetPathBounds
                0x0800f700                EwTranslatePathMatrix
                0x0800f734                EwScalePathMatrix
                0x0800f768                EwRotatePathMatrix
                0x0800f7d0                EwPushPathMatrix
                0x0800f7d8                EwPopPathMatrix
                0x0800f824                EwCreatePathFromSVGString
                0x080107e0                EwInitPathMatrix
                0x080107f8                EwFillPath
                0x08010c14                EwStrokePath
                0x0801129c                EwGetBitmapFromFillPath
                0x08011510                EwGetBitmapFromStrokePath
                0x080119d8                EwCopyBitmap
                0x08011e24                EwEndUpdate
                0x080121c8                EwDoneViewport
                0x08012218                EwConfigViewport
                0x08012258                EwTileBitmap
                0x08012624                EwWarpBitmap
                0x08012dc8                EwDrawLine
                0x08012ff8                EwIsGlyphAvailable
                0x08013058                EwGetTextExtent
                0x08013190                EwGetTextAdvance
                0x08013248                EwDrawText
                0x08013b34                EwGetTextColumnAtPosition
                0x08013cb8                EwGetPositionAtTextColumn
                0x08013e10                EwGetGlyphMetrics
                0x08013e60                EwGetKerning
                0x08013e7c                EwLockGlyph
                0x08013fdc                EwUnlockGlyph
                0x08014018                EwDrawBitmapFrame
                0x080150e8                EwIndexToColor
                0x080150f0                EwColorToIndex
                0x080150f8                EwAllocUserColor
                0x08015100                EwFreeUserColor
                0x08015104                EwSetUserColor
                0x0801510c                EwFindUserColor
                0x08015114                EwGetOverlayArea
                0x08015190                EwCanDiscardSurface
 .text          0x08015290     0x35c0 ../../../PlatformPackage/RGB565\libewgfx-m7-gcc.a(ewgfxattrtext.o)
                0x080170e0                EwInitAttrText
                0x080170e4                EwParseFlowString
                0x080177e0                EwGetFlowTextAdvance
                0x0801784c                EwCreateAttrSet
                0x08017910                EwFreeAttrSet
                0x08017948                EwGetNoOfAttrFonts
                0x08017950                EwGetNoOfAttrBitmaps
                0x08017958                EwGetNoOfAttrColors
                0x08017960                EwGetAttrFont
                0x08017978                EwGetAttrBitmap
                0x08017990                EwGetAttrColor
                0x0801825c                EwSetAttrFont
                0x08018270                EwSetAttrBitmap
                0x08018284                EwSetAttrColor
                0x0801829c                EwParseAttrString
                0x08018574                EwFreeAttrString
                0x080185bc                EwDrawAttrText
                0x080186c4                EwGetAttrTextSize
                0x08018744                EwIsAttrTextRTL
                0x08018750                EwGetNoOfAttrLinks
                0x08018758                EwGetAttrLinkName
                0x08018778                EwGetNoOfAttrLinkRegions
                0x08018798                EwGetAttrLinkRect
                0x08018808                EwGetAttrLinkBaseline
 .text          0x08018850     0x1b64 ../../../PlatformPackage/RGB565\libewgfx-m7-gcc.a(ewgfxbidi.o)
                0x080188e0                EwInitBidi
                0x080188e4                EwCreateBidi
                0x08018960                EwFreeBidi
                0x0801897c                EwBidiIsNeeded
                0x08018988                EwBidiIsRTL
                0x08018998                EwBidiGetCharLevel
                0x080189b4                EwBidiInit
                0x08018b78                EwBidiProcess
                0x080199a4                EwBidiApplyShaping
                0x08019ea0                EwBidiMirrorGlyphs
                0x08019f2c                EwBidiCompleteRow
                0x08019fe8                EwBidiReorderChars
                0x0801a0c0                EwBidiReorderDWords
                0x0801a1b8                EwBidiReorderIndex
                0x0801a268                EwBidiReverseReorderIndex
                0x0801a380                EwBidiGetTypesAndLevels
 .text          0x0801a3b4     0x1608 ../../../PlatformPackage/RGB565\libewgfx-m7-gcc.a(ewgfxcore.o)
                0x0801aa80                EwDoneGfxCore
                0x0801ab6c                EwInitGfxCore
                0x0801adf0                EwCreateSurface
                0x0801ae28                EwCreateConstSurface
                0x0801af5c                EwFindSurface
                0x0801b018                EwFreeSurface
                0x0801b08c                EwUnlockSurface
                0x0801b1d4                EwCreateGlyph
                0x0801b42c                EwFindGlyph
                0x0801b470                EwFreeGlyph
                0x0801b478                EwDiscardGlyph
                0x0801b484                EwUnlockGlyphCache
                0x0801b490                EwInitIssue
                0x0801b590                EwAllocTask
                0x0801b5dc                EwAllocTasks
                0x0801b60c                EwAllocTaskData
                0x0801b644                EwFreeTaskData
                0x0801b658                EwFlushTasks
                0x0801b754                EwDoneIssue
                0x0801b7b0                EwWaitForSurface
                0x0801b7fc                EwLockSurface
                0x0801b984                EwLockGlyphCache
                0x0801b9b4                EwCleanSurfaceCache
 .text          0x0801b9bc     0x26ac ../../../PlatformPackage/RGB565\libewgfx-m7-gcc.a(ewgfxdriver.o)
                0x0801c5e8                EwDestroyIndex8Surface
                0x0801c618                EwGetIndex8SurfaceMemory
                0x0801c654                EwGetIndex8SurfaceMemSize
                0x0801c660                EwDestroyAlpha8Surface
                0x0801c690                EwGetAlpha8SurfaceMemory
                0x0801c6c4                EwGetAlpha8SurfaceMemSize
                0x0801c6cc                EwInitColorGradient
                0x0801c858                EwInitOpacityGradient
                0x0801c8f4                EwGetColorFromGradient
                0x0801c9ec                EwGetOpacityFromGradient
                0x0801ca58                EwRasterAlpha8Polygon
                0x0801cbb0                EwEmulateLine
                0x0801cca4                EwEmulateFill
                0x0801ce88                EwEmulateCopy
                0x0801d0f4                EwEmulateWarp
                0x0801da94                EwEmulateFillPolygon
                0x0801de60                EwAllocVideo
                0x0801de8c                EwCreateIndex8Surface
                0x0801defc                EwCreateConstIndex8Surface
                0x0801df80                EwCreateAlpha8Surface
                0x0801dfe8                EwCreateConstAlpha8Surface
                0x0801e064                EwFreeVideo
 .text          0x0801e068     0x22c0 ../../../PlatformPackage/RGB565\libewgfx-m7-gcc.a(ewgfxtasks.o)
                0x0801e374                EwGfxTasksInit
                0x0801e378                EwReorderTasks
                0x0801e5ac                EwReverseTasks
                0x0801e5c4                EwEliminateTasks
                0x0801e940                EwExecuteTasks
                0x08020220                EwCompleteTasks
                0x080202b8                EwCountTasks
                0x08020318                EwTraceTasks
 .text          0x08020328      0x430 ../../../PlatformPackage/RGB565\libewgfx-m7-gcc.a(ewextbmp_RGB565.o)
                0x08020328                EwBmpInit
                0x0802034c                EwBmpDone
                0x08020350                EwBmpOpen
                0x08020410                EwBmpClose
                0x08020414                EwBmpGetMetrics
                0x08020498                EwBmpGetFrameMetrics
                0x080204d4                EwBmpGetFrameMemory
                0x08020560                EwBmpLoadFrame
                0x080206d4                EwBmpLoadClut
                0x0802072c                EwBmpLoadMappingTable
 .text          0x08020758      0x4d0 ../../../PlatformPackage/RGB565\libewgfx-m7-gcc.a(ewextfnt.o)
                0x08020758                EwFntInit
                0x0802075c                EwFntDone
                0x08020760                EwFntOpen
                0x08020788                EwFntClose
                0x0802078c                EwFntGetMetrics
                0x080207a8                EwFntGetGlyphMetrics
                0x08020814                EwFntGetKerning
                0x0802087c                EwFntIsGlyphAvailable
                0x080208bc                EwFntLoadGlyph
 .text          0x08020c28      0x378 d:/stm32h747-interfacedev/stm32h747-discovery/stm32h747-discovery/thirdparty/gcc-arm-none-eabi/bin/../lib/gcc/arm-none-eabi/8.3.1/thumb/v7e-m+dp/hard\libgcc.a(_arm_addsubdf3.o)
                0x08020c28                __aeabi_drsub
                0x08020c30                __aeabi_dsub
                0x08020c30                __subdf3
                0x08020c34                __aeabi_dadd
                0x08020c34                __adddf3
                0x08020eac                __floatunsidf
                0x08020eac                __aeabi_ui2d
                0x08020ecc                __floatsidf
                0x08020ecc                __aeabi_i2d
                0x08020ef0                __aeabi_f2d
                0x08020ef0                __extendsfdf2
                0x08020f34                __floatundidf
                0x08020f34                __aeabi_ul2d
                0x08020f44                __floatdidf
                0x08020f44                __aeabi_l2d
 .text          0x08020fa0       0x50 d:/stm32h747-interfacedev/stm32h747-discovery/stm32h747-discovery/thirdparty/gcc-arm-none-eabi/bin/../lib/gcc/arm-none-eabi/8.3.1/thumb/v7e-m+dp/hard\libgcc.a(_arm_fixdfsi.o)
                0x08020fa0                __aeabi_d2iz
                0x08020fa0                __fixdfsi
 .text          0x08020ff0       0xa0 d:/stm32h747-interfacedev/stm32h747-discovery/stm32h747-discovery/thirdparty/gcc-arm-none-eabi/bin/../lib/gcc/arm-none-eabi/8.3.1/thumb/v7e-m+dp/hard\libgcc.a(_arm_truncdfsf2.o)
                0x08020ff0                __truncdfsf2
                0x08020ff0                __aeabi_d2f
 .text          0x08021090       0x30 d:/stm32h747-interfacedev/stm32h747-discovery/stm32h747-discovery/thirdparty/gcc-arm-none-eabi/bin/../lib/gcc/arm-none-eabi/8.3.1/thumb/v7e-m+dp/hard\libgcc.a(_aeabi_uldivmod.o)
                0x08021090                __aeabi_uldivmod
 .text          0x080210c0      0x2d0 d:/stm32h747-interfacedev/stm32h747-discovery/stm32h747-discovery/thirdparty/gcc-arm-none-eabi/bin/../lib/gcc/arm-none-eabi/8.3.1/thumb/v7e-m+dp/hard\libgcc.a(_udivmoddi4.o)
                0x080210c0                __udivmoddi4
 .text          0x08021390        0x4 d:/stm32h747-interfacedev/stm32h747-discovery/stm32h747-discovery/thirdparty/gcc-arm-none-eabi/bin/../lib/gcc/arm-none-eabi/8.3.1/thumb/v7e-m+dp/hard\libgcc.a(_dvmd_tls.o)
                0x08021390                __aeabi_idiv0
                0x08021390                __aeabi_ldiv0
 *(.text*)
 .text.Reset_Handler
                0x08021394       0x50 C:\Users\Tang\AppData\Local\Temp\ccjUXYAx.o
                0x08021394                Reset_Handler
 .text.Default_Handler
                0x080213e4        0x2 C:\Users\Tang\AppData\Local\Temp\ccjUXYAx.o
                0x080213e4                RTC_Alarm_IRQHandler
                0x080213e4                EXTI2_IRQHandler
                0x080213e4                TIM8_CC_IRQHandler
                0x080213e4                HRTIM1_Master_IRQHandler
                0x080213e4                UART8_IRQHandler
                0x080213e4                SPI4_IRQHandler
                0x080213e4                TIM1_CC_IRQHandler
                0x080213e4                BDMA_Channel6_IRQHandler
                0x080213e4                DMA2_Stream5_IRQHandler
                0x080213e4                HRTIM1_FLT_IRQHandler
                0x080213e4                JPEG_IRQHandler
                0x080213e4                DMA1_Stream5_IRQHandler
                0x080213e4                BDMA_Channel1_IRQHandler
                0x080213e4                HRTIM1_TIMD_IRQHandler
                0x080213e4                TAMP_STAMP_IRQHandler
                0x080213e4                EXTI3_IRQHandler
                0x080213e4                LPTIM4_IRQHandler
                0x080213e4                TIM8_TRG_COM_TIM14_IRQHandler
                0x080213e4                LPTIM2_IRQHandler
                0x080213e4                DFSDM1_FLT1_IRQHandler
                0x080213e4                DMAMUX2_OVR_IRQHandler
                0x080213e4                TIM8_UP_TIM13_IRQHandler
                0x080213e4                I2C3_ER_IRQHandler
                0x080213e4                DFSDM1_FLT2_IRQHandler
                0x080213e4                MDMA_IRQHandler
                0x080213e4                LPTIM3_IRQHandler
                0x080213e4                HSEM1_IRQHandler
                0x080213e4                EXTI0_IRQHandler
                0x080213e4                I2C2_EV_IRQHandler
                0x080213e4                DMA1_Stream2_IRQHandler
                0x080213e4                FPU_IRQHandler
                0x080213e4                OTG_HS_WKUP_IRQHandler
                0x080213e4                FDCAN1_IT1_IRQHandler
                0x080213e4                DMA2_Stream2_IRQHandler
                0x080213e4                HRTIM1_TIME_IRQHandler
                0x080213e4                SPI1_IRQHandler
                0x080213e4                TIM6_DAC_IRQHandler
                0x080213e4                DCMI_IRQHandler
                0x080213e4                HRTIM1_TIMC_IRQHandler
                0x080213e4                DMA2_Stream3_IRQHandler
                0x080213e4                SAI2_IRQHandler
                0x080213e4                DFSDM1_FLT3_IRQHandler
                0x080213e4                USART6_IRQHandler
                0x080213e4                TIM17_IRQHandler
                0x080213e4                USART3_IRQHandler
                0x080213e4                BDMA_Channel7_IRQHandler
                0x080213e4                LPTIM5_IRQHandler
                0x080213e4                UART5_IRQHandler
                0x080213e4                ADC3_IRQHandler
                0x080213e4                DMA2_Stream0_IRQHandler
                0x080213e4                TIM4_IRQHandler
                0x080213e4                BDMA_Channel2_IRQHandler
                0x080213e4                QUADSPI_IRQHandler
                0x080213e4                I2C1_EV_IRQHandler
                0x080213e4                DMA1_Stream6_IRQHandler
                0x080213e4                DMAMUX1_OVR_IRQHandler
                0x080213e4                DMA1_Stream1_IRQHandler
                0x080213e4                TIM16_IRQHandler
                0x080213e4                UART4_IRQHandler
                0x080213e4                BDMA_Channel5_IRQHandler
                0x080213e4                TIM3_IRQHandler
                0x080213e4                RCC_IRQHandler
                0x080213e4                TIM8_BRK_TIM12_IRQHandler
                0x080213e4                TIM1_TRG_COM_IRQHandler
                0x080213e4                Default_Handler
                0x080213e4                ECC_IRQHandler
                0x080213e4                CEC_IRQHandler
                0x080213e4                BDMA_Channel0_IRQHandler
                0x080213e4                ADC_IRQHandler
                0x080213e4                DMA1_Stream7_IRQHandler
                0x080213e4                HRTIM1_TIMA_IRQHandler
                0x080213e4                SPI5_IRQHandler
                0x080213e4                TIM7_IRQHandler
                0x080213e4                SDMMC1_IRQHandler
                0x080213e4                TIM5_IRQHandler
                0x080213e4                DMA2_Stream7_IRQHandler
                0x080213e4                TIM15_IRQHandler
                0x080213e4                PVD_AVD_IRQHandler
                0x080213e4                I2C3_EV_IRQHandler
                0x080213e4                EXTI9_5_IRQHandler
                0x080213e4                RTC_WKUP_IRQHandler
                0x080213e4                SAI3_IRQHandler
                0x080213e4                ETH_WKUP_IRQHandler
                0x080213e4                SPDIF_RX_IRQHandler
                0x080213e4                SPI2_IRQHandler
                0x080213e4                OTG_HS_EP1_IN_IRQHandler
                0x080213e4                DMA1_Stream0_IRQHandler
                0x080213e4                CRS_IRQHandler
                0x080213e4                CM7_SEV_IRQHandler
                0x080213e4                EXTI4_IRQHandler
                0x080213e4                RNG_IRQHandler
                0x080213e4                CM4_SEV_IRQHandler
                0x080213e4                HRTIM1_TIMB_IRQHandler
                0x080213e4                FDCAN2_IT1_IRQHandler
                0x080213e4                ETH_IRQHandler
                0x080213e4                TIM1_UP_IRQHandler
                0x080213e4                WWDG_RST_IRQHandler
                0x080213e4                BDMA_Channel4_IRQHandler
                0x080213e4                OTG_HS_EP1_OUT_IRQHandler
                0x080213e4                WWDG_IRQHandler
                0x080213e4                SPI6_IRQHandler
                0x080213e4                MDIOS_IRQHandler
                0x080213e4                I2C4_EV_IRQHandler
                0x080213e4                FDCAN2_IT0_IRQHandler
                0x080213e4                LPUART1_IRQHandler
                0x080213e4                FDCAN1_IT0_IRQHandler
                0x080213e4                TIM2_IRQHandler
                0x080213e4                OTG_FS_WKUP_IRQHandler
                0x080213e4                OTG_HS_IRQHandler
                0x080213e4                HSEM2_IRQHandler
                0x080213e4                TIM1_BRK_IRQHandler
                0x080213e4                EXTI1_IRQHandler
                0x080213e4                SDMMC2_IRQHandler
                0x080213e4                OTG_FS_EP1_OUT_IRQHandler
                0x080213e4                BDMA_Channel3_IRQHandler
                0x080213e4                HOLD_CORE_IRQHandler
                0x080213e4                UART7_IRQHandler
                0x080213e4                MDIOS_WKUP_IRQHandler
                0x080213e4                USART2_IRQHandler
                0x080213e4                DFSDM1_FLT0_IRQHandler
                0x080213e4                SAI4_IRQHandler
                0x080213e4                I2C2_ER_IRQHandler
                0x080213e4                DMA2_Stream1_IRQHandler
                0x080213e4                FLASH_IRQHandler
                0x080213e4                DMA2_Stream4_IRQHandler
                0x080213e4                USART1_IRQHandler
                0x080213e4                OTG_FS_IRQHandler
                0x080213e4                SPI3_IRQHandler
                0x080213e4                WAKEUP_PIN_IRQHandler
                0x080213e4                DMA1_Stream4_IRQHandler
                0x080213e4                OTG_FS_EP1_IN_IRQHandler
                0x080213e4                I2C1_ER_IRQHandler
                0x080213e4                FMC_IRQHandler
                0x080213e4                FDCAN_CAL_IRQHandler
                0x080213e4                SWPMI1_IRQHandler
                0x080213e4                COMP1_IRQHandler
                0x080213e4                LPTIM1_IRQHandler
                0x080213e4                I2C4_ER_IRQHandler
                0x080213e4                DMA2_Stream6_IRQHandler
                0x080213e4                SAI1_IRQHandler
                0x080213e4                DMA1_Stream3_IRQHandler
 *fill*         0x080213e6        0x2 
 .text.GuiThread
                0x080213e8       0x20 ./Obj/main.o
 .text.startup.main
                0x08021408       0x4c ./Obj/main.o
                0x08021408                main
 .text.EwInit   0x08021454      0x150 ./Obj/ewmain.o
                0x08021454                EwInit
 .text.EwDone   0x080215a4       0x6c ./Obj/ewmain.o
                0x080215a4                EwDone
 .text.EwProcess
                0x08021610      0x1bc ./Obj/ewmain.o
                0x08021610                EwProcess
 .text.EwPrintSystemInfo
                0x080217cc      0x1b0 ./Obj/ewmain.o
                0x080217cc                EwPrintSystemInfo
 .text.HardButtonIsrCallback
                0x0802197c        0x4 ./Obj/DeviceDriver.o
                0x0802197c                HardButtonIsrCallback
 .text.DeviceDriver_Initialize
                0x08021980       0x14 ./Obj/DeviceDriver.o
                0x08021980                DeviceDriver_Initialize
 .text.DeviceDriver_Deinitialize
                0x08021994        0x4 ./Obj/DeviceDriver.o
                0x08021994                DeviceDriver_Deinitialize
 .text.DeviceDriver_ProcessData
                0x08021998        0x4 ./Obj/DeviceDriver.o
                0x08021998                DeviceDriver_ProcessData
 .text.CoreView_initLayoutContext
                0x0802199c        0xc ./Obj/Core.o
                0x0802199c                CoreView_initLayoutContext
 .text.CoreView_Draw
                0x080219a8        0xc ./Obj/Core.o
                0x080219a8                CoreView_Draw
 .text.CoreView_HandleEvent
                0x080219b4        0x4 ./Obj/Core.o
                0x080219b4                CoreView_HandleEvent
 .text.CoreView_CursorHitTest
                0x080219b8       0x14 ./Obj/Core.o
                0x080219b8                CoreView_CursorHitTest
 .text.CoreView_ArrangeView
                0x080219cc       0x1c ./Obj/Core.o
                0x080219cc                CoreView_ArrangeView
 .text.CoreView_MoveView
                0x080219e8        0xc ./Obj/Core.o
                0x080219e8                CoreView_MoveView
 .text.CoreView_GetExtent
                0x080219f4        0xc ./Obj/Core.o
                0x080219f4                CoreView_GetExtent
 .text.CoreRectView_GetExtent
                0x08021a00       0x14 ./Obj/Core.o
                0x08021a00                CoreRectView_GetExtent
 .text.CoreRoot_GetRoot
                0x08021a14        0x4 ./Obj/Core.o
                0x08021a14                CoreRoot_GetRoot
 .text.TimerProc
                0x08021a18        0x8 ./Obj/Core.o
 .text.CoreView__Init
                0x08021a20       0x20 ./Obj/Core.o
                0x08021a20                CoreView__Init
 .text.CoreQuadView__Init
                0x08021a40       0x20 ./Obj/Core.o
                0x08021a40                CoreQuadView__Init
 .text.CoreSimpleTouchHandler__Init
                0x08021a60       0x3c ./Obj/Core.o
                0x08021a60                CoreSimpleTouchHandler__Init
 .text.CoreRectView__Init
                0x08021a9c       0x20 ./Obj/Core.o
                0x08021a9c                CoreRectView__Init
 .text.CoreOutline__Init
                0x08021abc       0x24 ./Obj/Core.o
                0x08021abc                CoreOutline__Init
 .text.CoreCursorHit__Init
                0x08021ae0       0x14 ./Obj/Core.o
                0x08021ae0                CoreCursorHit__Init
 .text.CoreLayoutContext__Init
                0x08021af4       0x14 ./Obj/Core.o
                0x08021af4                CoreLayoutContext__Init
 .text.CoreLayoutQuadContext__Init
                0x08021b08       0x14 ./Obj/Core.o
                0x08021b08                CoreLayoutQuadContext__Init
 .text.CoreTimer__Init
                0x08021b1c       0x1c ./Obj/Core.o
                0x08021b1c                CoreTimer__Init
 .text.CoreView__ReInit
                0x08021b38        0x4 ./Obj/Core.o
                0x08021b38                CoreView__ReInit
 .text.CoreQuadView__ReInit
                0x08021b3c        0x4 ./Obj/Core.o
                0x08021b3c                CoreQuadView__ReInit
 .text.CoreSimpleTouchHandler__ReInit
                0x08021b40        0x4 ./Obj/Core.o
                0x08021b40                CoreSimpleTouchHandler__ReInit
 .text.CoreRectView__ReInit
                0x08021b44        0x4 ./Obj/Core.o
                0x08021b44                CoreRectView__ReInit
 .text.CoreGroup__ReInit
                0x08021b48        0x4 ./Obj/Core.o
                0x08021b48                CoreGroup__ReInit
 .text.CoreOutline__ReInit
                0x08021b4c        0x4 ./Obj/Core.o
                0x08021b4c                CoreOutline__ReInit
 .text.CoreEvent__ReInit
                0x08021b50        0x4 ./Obj/Core.o
                0x08021b50                CoreEvent__ReInit
 .text.CoreKeyEvent__ReInit
                0x08021b54        0x4 ./Obj/Core.o
                0x08021b54                CoreKeyEvent__ReInit
 .text.CoreCursorGrabEvent__ReInit
                0x08021b58        0x4 ./Obj/Core.o
                0x08021b58                CoreCursorGrabEvent__ReInit
 .text.CoreCursorEvent__ReInit
                0x08021b5c        0x4 ./Obj/Core.o
                0x08021b5c                CoreCursorEvent__ReInit
 .text.CoreDragEvent__ReInit
                0x08021b60        0x4 ./Obj/Core.o
                0x08021b60                CoreDragEvent__ReInit
 .text.CoreCursorHit__ReInit
                0x08021b64        0x4 ./Obj/Core.o
                0x08021b64                CoreCursorHit__ReInit
 .text.CoreLayoutContext__ReInit
                0x08021b68        0x4 ./Obj/Core.o
                0x08021b68                CoreLayoutContext__ReInit
 .text.CoreLayoutQuadContext__ReInit
                0x08021b6c        0x4 ./Obj/Core.o
                0x08021b6c                CoreLayoutQuadContext__ReInit
 .text.CoreResource__ReInit
                0x08021b70        0x4 ./Obj/Core.o
                0x08021b70                CoreResource__ReInit
 .text.CoreTimer__ReInit
                0x08021b74        0x4 ./Obj/Core.o
                0x08021b74                CoreTimer__ReInit
 .text.CoreRoot__ReInit
                0x08021b78       0x14 ./Obj/Core.o
                0x08021b78                CoreRoot__ReInit
 .text.CoreView__Done
                0x08021b8c        0xc ./Obj/Core.o
                0x08021b8c                CoreView__Done
 .text.CoreQuadView__Done
                0x08021b98        0xc ./Obj/Core.o
                0x08021b98                CoreQuadView__Done
 .text.CoreSimpleTouchHandler__Done
                0x08021ba4        0xc ./Obj/Core.o
                0x08021ba4                CoreSimpleTouchHandler__Done
 .text.CoreRectView__Done
                0x08021bb0        0xc ./Obj/Core.o
                0x08021bb0                CoreRectView__Done
 .text.CoreGroup__Done
                0x08021bbc        0xc ./Obj/Core.o
                0x08021bbc                CoreGroup__Done
 .text.CoreOutline__Done
                0x08021bc8        0xc ./Obj/Core.o
                0x08021bc8                CoreOutline__Done
 .text.CoreEvent__Done
                0x08021bd4        0xc ./Obj/Core.o
                0x08021bd4                CoreEvent__Done
 .text.CoreKeyEvent__Done
                0x08021be0        0xc ./Obj/Core.o
                0x08021be0                CoreKeyEvent__Done
 .text.CoreCursorGrabEvent__Done
                0x08021bec        0xc ./Obj/Core.o
                0x08021bec                CoreCursorGrabEvent__Done
 .text.CoreCursorEvent__Done
                0x08021bf8        0xc ./Obj/Core.o
                0x08021bf8                CoreCursorEvent__Done
 .text.CoreDragEvent__Done
                0x08021c04        0xc ./Obj/Core.o
                0x08021c04                CoreDragEvent__Done
 .text.CoreCursorHit__Done
                0x08021c10        0xc ./Obj/Core.o
                0x08021c10                CoreCursorHit__Done
 .text.CoreLayoutContext__Done
                0x08021c1c        0xc ./Obj/Core.o
                0x08021c1c                CoreLayoutContext__Done
 .text.CoreLayoutQuadContext__Done
                0x08021c28        0xc ./Obj/Core.o
                0x08021c28                CoreLayoutQuadContext__Done
 .text.CoreView_GetRoot
                0x08021c34       0x24 ./Obj/Core.o
                0x08021c34                CoreView_GetRoot
 .text.CoreRectView_initLayoutContext
                0x08021c58       0x48 ./Obj/Core.o
                0x08021c58                CoreRectView_initLayoutContext
 .text.CoreQuadView_initLayoutContext
                0x08021ca0       0x98 ./Obj/Core.o
                0x08021ca0                CoreQuadView_initLayoutContext
 .text.CoreQuadView_GetExtent
                0x08021d38       0xbc ./Obj/Core.o
                0x08021d38                CoreQuadView_GetExtent
 .text.CoreRectView_ArrangeView
                0x08021df4      0x358 ./Obj/Core.o
                0x08021df4                CoreRectView_ArrangeView
 .text.CoreRectView_MoveView
                0x0802214c       0x70 ./Obj/Core.o
                0x0802214c                CoreRectView_MoveView
 .text.CoreRectView_OnSetBounds
                0x080221bc      0x10c ./Obj/Core.o
                0x080221bc                CoreRectView_OnSetBounds
 .text.CoreGroup_CursorHitTest
                0x080222c8      0x244 ./Obj/Core.o
                0x080222c8                CoreGroup_CursorHitTest
 .text.CoreGroup_OnSetBounds
                0x0802250c      0x130 ./Obj/Core.o
                0x0802250c                CoreGroup_OnSetBounds
 .text.CoreGroup_OnSetFocus
                0x0802263c       0x70 ./Obj/Core.o
                0x0802263c                CoreGroup_OnSetFocus
 .text.CoreRoot_OnSetFocus
                0x080226ac       0x10 ./Obj/Core.o
                0x080226ac                CoreRoot_OnSetFocus
 .text.CoreOutline_OnSetBounds
                0x080226bc      0x1d8 ./Obj/Core.o
                0x080226bc                CoreOutline_OnSetBounds
 .text.CoreGroup_InvalidateArea
                0x08022894      0x12c ./Obj/Core.o
                0x08022894                CoreGroup_InvalidateArea
 .text.CoreEvent__Init
                0x080229c0       0x1c ./Obj/Core.o
                0x080229c0                CoreEvent__Init
 .text.CoreKeyEvent__Init
                0x080229dc       0x24 ./Obj/Core.o
                0x080229dc                CoreKeyEvent__Init
 .text.CoreCursorGrabEvent__Init
                0x08022a00       0x24 ./Obj/Core.o
                0x08022a00                CoreCursorGrabEvent__Init
 .text.CoreCursorEvent__Init
                0x08022a24       0x24 ./Obj/Core.o
                0x08022a24                CoreCursorEvent__Init
 .text.CoreDragEvent__Init
                0x08022a48       0x24 ./Obj/Core.o
                0x08022a48                CoreDragEvent__Init
 .text.CoreResource__Done
                0x08022a6c       0x24 ./Obj/Core.o
                0x08022a6c                CoreResource__Done
 .text.CoreResource__Init
                0x08022a90       0x28 ./Obj/Core.o
                0x08022a90                CoreResource__Init
 .text.CoreTimer__Done
                0x08022ab8       0x24 ./Obj/Core.o
                0x08022ab8                CoreTimer__Done
 .text.CoreRoot__Done
                0x08022adc       0x24 ./Obj/Core.o
                0x08022adc                CoreRoot__Done
 .text.CoreGroup_FindSiblingView.part.1
                0x08022b00       0xa0 ./Obj/Core.o
 .text.CoreView_ChangeViewState
                0x08022ba0      0x120 ./Obj/Core.o
                0x08022ba0                CoreView_ChangeViewState
 .text.CoreGroup_ChangeViewState
                0x08022cc0       0xa0 ./Obj/Core.o
                0x08022cc0                CoreGroup_ChangeViewState
 .text.CoreRoot_ChangeViewState
                0x08022d60       0x88 ./Obj/Core.o
                0x08022d60                CoreRoot_ChangeViewState
 .text.CoreRoot_DoesNeedUpdate.part.5
                0x08022de8       0x24 ./Obj/Core.o
 .text.EwCheckIndex.part.0.constprop.11
                0x08022e0c       0x24 ./Obj/Core.o
 .text.CoreRoot_InvalidateArea
                0x08022e30      0x5dc ./Obj/Core.o
                0x08022e30                CoreRoot_InvalidateArea
 .text.CoreOutline_Draw
                0x0802340c        0xc ./Obj/Core.o
                0x0802340c                CoreOutline_Draw
 .text.CoreSimpleTouchHandler_Draw
                0x08023418        0xc ./Obj/Core.o
                0x08023418                CoreSimpleTouchHandler_Draw
 .text.CoreQuadView_OnSetPoint4
                0x08023424       0xfc ./Obj/Core.o
                0x08023424                CoreQuadView_OnSetPoint4
 .text.CoreQuadView_OnSetPoint3
                0x08023520       0xfc ./Obj/Core.o
                0x08023520                CoreQuadView_OnSetPoint3
 .text.CoreQuadView_OnSetPoint2
                0x0802361c       0xfc ./Obj/Core.o
                0x0802361c                CoreQuadView_OnSetPoint2
 .text.CoreQuadView_OnSetPoint1
                0x08023718       0xfc ./Obj/Core.o
                0x08023718                CoreQuadView_OnSetPoint1
 .text.CoreQuadView_ArrangeView
                0x08023814      0x4dc ./Obj/Core.o
                0x08023814                CoreQuadView_ArrangeView
 .text.CoreQuadView_MoveView
                0x08023cf0      0x108 ./Obj/Core.o
                0x08023cf0                CoreQuadView_MoveView
 .text.CoreQuadView_IsPointInside
                0x08023df8       0xc8 ./Obj/Core.o
                0x08023df8                CoreQuadView_IsPointInside
 .text.CoreQuadView_HasRectShape
                0x08023ec0       0x4c ./Obj/Core.o
                0x08023ec0                CoreQuadView_HasRectShape
 .text.CoreSimpleTouchHandler_CursorHitTest
                0x08023f0c      0x1d4 ./Obj/Core.o
                0x08023f0c                CoreSimpleTouchHandler_CursorHitTest
 .text.CoreRectView__OnSetBounds
                0x080240e0       0x24 ./Obj/Core.o
                0x080240e0                CoreRectView__OnSetBounds
 .text.CoreGroup_drawContent
                0x08024104      0x180 ./Obj/Core.o
                0x08024104                CoreGroup_drawContent
 .text.CoreGroup_Draw
                0x08024284       0xf0 ./Obj/Core.o
                0x08024284                CoreGroup_Draw
 .text.CoreRoot_Draw
                0x08024374       0xc4 ./Obj/Core.o
                0x08024374                CoreRoot_Draw
 .text.CoreGroup_recalculateLayout
                0x08024438      0x610 ./Obj/Core.o
                0x08024438                CoreGroup_recalculateLayout
 .text.CoreGroup_updateComponent
                0x08024a48       0x2c ./Obj/Core.o
                0x08024a48                CoreGroup_updateComponent
 .text.CoreGroup_LocalPosition
                0x08024a74       0x34 ./Obj/Core.o
                0x08024a74                CoreGroup_LocalPosition
 .text.CoreGroup_InvalidateViewState
                0x08024aa8       0x30 ./Obj/Core.o
                0x08024aa8                CoreGroup_InvalidateViewState
 .text.CoreGroup__Init
                0x08024ad8       0x28 ./Obj/Core.o
                0x08024ad8                CoreGroup__Init
 .text.CoreGroup__InvalidateArea
                0x08024b00       0x24 ./Obj/Core.o
                0x08024b00                CoreGroup__InvalidateArea
 .text.CoreGroup_Add
                0x08024b24      0x19c ./Obj/Core.o
                0x08024b24                CoreGroup_Add
 .text.CoreRoot__EndUpdate
                0x08024cc0       0x1c ./Obj/Core.o
                0x08024cc0                CoreRoot__EndUpdate
 .text.CoreRoot_UpdateCanvas
                0x08024cdc      0x160 ./Obj/Core.o
                0x08024cdc                CoreRoot_UpdateCanvas
 .text.CoreRoot__UpdateCanvas
                0x08024e3c       0x20 ./Obj/Core.o
                0x08024e3c                CoreRoot__UpdateCanvas
 .text.CoreRoot_GetUpdateRegion
                0x08024e5c       0x58 ./Obj/Core.o
                0x08024e5c                CoreRoot_GetUpdateRegion
 .text.CoreRoot__GetUpdateRegion
                0x08024eb4        0xc ./Obj/Core.o
                0x08024eb4                CoreRoot__GetUpdateRegion
 .text.CoreRoot_BeginUpdate
                0x08024ec0      0x2e0 ./Obj/Core.o
                0x08024ec0                CoreRoot_BeginUpdate
 .text.CoreRoot_UpdateGE20
                0x080251a0       0x60 ./Obj/Core.o
                0x080251a0                CoreRoot_UpdateGE20
 .text.CoreRoot__UpdateGE20
                0x08025200        0xc ./Obj/Core.o
                0x08025200                CoreRoot__UpdateGE20
 .text.CoreRoot__BeginUpdate
                0x0802520c        0x4 ./Obj/Core.o
                0x0802520c                CoreRoot__BeginUpdate
 .text.CoreRoot__DoesNeedUpdate
                0x08025210       0x10 ./Obj/Core.o
                0x08025210                CoreRoot__DoesNeedUpdate
 .text.CoreRoot_Initialize
                0x08025220       0x74 ./Obj/Core.o
                0x08025220                CoreRoot_Initialize
 .text.CoreRoot__Initialize
                0x08025294       0x14 ./Obj/Core.o
                0x08025294                CoreRoot__Initialize
 .text.CoreRoot_DriveMultiTouchMovement
                0x080252a8      0x310 ./Obj/Core.o
                0x080252a8                CoreRoot_DriveMultiTouchMovement
 .text.CoreRoot__DriveMultiTouchMovement
                0x080255b8       0x18 ./Obj/Core.o
                0x080255b8                CoreRoot__DriveMultiTouchMovement
 .text.CoreKeyEvent_IsCode
                0x080255d0       0x8c ./Obj/Core.o
                0x080255d0                CoreKeyEvent_IsCode
 .text.CoreCursorEvent_InitializeDown
                0x0802565c       0x80 ./Obj/Core.o
                0x0802565c                CoreCursorEvent_InitializeDown
 .text.CoreRoot_DeflectCursor
                0x080256dc      0x6a4 ./Obj/Core.o
                0x080256dc                CoreRoot_DeflectCursor
 .text.CoreRoot_RetargetCursorWithReason
                0x08025d80      0x150 ./Obj/Core.o
                0x08025d80                CoreRoot_RetargetCursorWithReason
 .text.CoreSimpleTouchHandler_HandleEvent
                0x08025ed0      0x5f4 ./Obj/Core.o
                0x08025ed0                CoreSimpleTouchHandler_HandleEvent
 .text.CoreKeyPressHandler_HandleEvent
                0x080264c4       0x98 ./Obj/Core.o
                0x080264c4                CoreKeyPressHandler_HandleEvent
 .text.CoreGroup_processKeyHandlers
                0x0802655c       0x40 ./Obj/Core.o
                0x0802655c                CoreGroup_processKeyHandlers
 .text.CoreGroup_DispatchEvent
                0x0802659c       0xb8 ./Obj/Core.o
                0x0802659c                CoreGroup_DispatchEvent
 .text.CoreGroup_BroadcastEvent
                0x08026654       0x80 ./Obj/Core.o
                0x08026654                CoreGroup_BroadcastEvent
 .text.CoreRoot_BroadcastEvent
                0x080266d4       0x24 ./Obj/Core.o
                0x080266d4                CoreRoot_BroadcastEvent
 .text.CoreRoot_DispatchEvent
                0x080266f8       0x84 ./Obj/Core.o
                0x080266f8                CoreRoot_DispatchEvent
 .text.CoreTimer_restart
                0x0802677c       0x40 ./Obj/Core.o
                0x0802677c                CoreTimer_restart
 .text.CoreRoot__Init
                0x080267bc       0x7c ./Obj/Core.o
                0x080267bc                CoreRoot__Init
 .text.CoreTimer_OnSetPeriod
                0x08026838       0x1c ./Obj/Core.o
                0x08026838                CoreTimer_OnSetPeriod
 .text.CoreTimer_OnSetEnabled
                0x08026854       0x34 ./Obj/Core.o
                0x08026854                CoreTimer_OnSetEnabled
 .text.CoreRoot_cursorHoldTimerProc
                0x08026888      0x2cc ./Obj/Core.o
                0x08026888                CoreRoot_cursorHoldTimerProc
 .text.CoreRoot_DriveMultiTouchHitting
                0x08026b54      0x5cc ./Obj/Core.o
                0x08026b54                CoreRoot_DriveMultiTouchHitting
 .text.CoreRoot__DriveMultiTouchHitting
                0x08027120       0x1c ./Obj/Core.o
                0x08027120                CoreRoot__DriveMultiTouchHitting
 .text.CoreTimer_Trigger
                0x0802713c       0x28 ./Obj/Core.o
                0x0802713c                CoreTimer_Trigger
 .text.EffectsEffectTimerClass__Init
                0x08027164       0x14 ./Obj/Effects.o
                0x08027164                EffectsEffectTimerClass__Init
 .text.EffectsEffectTimerClass__ReInit
                0x08027178        0x4 ./Obj/Effects.o
                0x08027178                EffectsEffectTimerClass__ReInit
 .text.EffectsEffectTimerClass__Done
                0x0802717c        0xc ./Obj/Effects.o
                0x0802717c                EffectsEffectTimerClass__Done
 .text.EffectsEffectTimerClass_Trigger
                0x08027188       0x14 ./Obj/Effects.o
                0x08027188                EffectsEffectTimerClass_Trigger
 .text.EffectsEffectTimer__Init
                0x0802719c       0x18 ./Obj/Effects.o
                0x0802719c                EffectsEffectTimer__Init
 .text.GraphicsCanvas__Init
                0x080271b4       0x1c ./Obj/Graphics.o
                0x080271b4                GraphicsCanvas__Init
 .text.GraphicsCanvas__ReInit
                0x080271d0        0x4 ./Obj/Graphics.o
                0x080271d0                GraphicsCanvas__ReInit
 .text.GraphicsCanvas_OnSetFrameSize
                0x080271d4       0x7c ./Obj/Graphics.o
                0x080271d4                GraphicsCanvas_OnSetFrameSize
 .text.GraphicsCanvas_Update
                0x08027250       0xa8 ./Obj/Graphics.o
                0x08027250                GraphicsCanvas_Update
 .text.GraphicsCanvas__Done
                0x080272f8       0x2c ./Obj/Graphics.o
                0x080272f8                GraphicsCanvas__Done
 .text.GraphicsCanvas__DetachBitmap
                0x08027324       0x34 ./Obj/Graphics.o
                0x08027324                GraphicsCanvas__DetachBitmap
 .text.GraphicsCanvas_AttachBitmap
                0x08027358       0x44 ./Obj/Graphics.o
                0x08027358                GraphicsCanvas_AttachBitmap
 .text.GraphicsCanvas__AttachBitmap
                0x0802739c        0x4 ./Obj/Graphics.o
                0x0802739c                GraphicsCanvas__AttachBitmap
 .text.GraphicsCanvas_DrawText
                0x080273a0       0xe4 ./Obj/Graphics.o
                0x080273a0                GraphicsCanvas_DrawText
 .text.GraphicsCanvas_WarpBitmap
                0x08027484      0x1e8 ./Obj/Graphics.o
                0x08027484                GraphicsCanvas_WarpBitmap
 .text.GraphicsCanvas_ScaleBitmap
                0x0802766c      0x128 ./Obj/Graphics.o
                0x0802766c                GraphicsCanvas_ScaleBitmap
 .text.GraphicsCanvas_CopyBitmap
                0x08027794       0x94 ./Obj/Graphics.o
                0x08027794                GraphicsCanvas_CopyBitmap
 .text.GraphicsCanvas_FillRectangle
                0x08027828       0x6c ./Obj/Graphics.o
                0x08027828                GraphicsCanvas_FillRectangle
 .text.ResourcesBitmap_Update
                0x08027894        0x4 ./Obj/Resources.o
                0x08027894                ResourcesBitmap_Update
 .text.ResourcesBitmap__ReInit
                0x08027898        0x4 ./Obj/Resources.o
                0x08027898                ResourcesBitmap__ReInit
 .text.ResourcesFont__ReInit
                0x0802789c        0x4 ./Obj/Resources.o
                0x0802789c                ResourcesFont__ReInit
 .text.ResourcesBitmap__Done
                0x080278a0       0x30 ./Obj/Resources.o
                0x080278a0                ResourcesBitmap__Done
 .text.ResourcesBitmap_OnSetFrameSize
                0x080278d0       0x20 ./Obj/Resources.o
                0x080278d0                ResourcesBitmap_OnSetFrameSize
 .text.ResourcesFont__Done
                0x080278f0       0x28 ./Obj/Resources.o
                0x080278f0                ResourcesFont__Done
 .text.ResourcesBitmap_Init.part.0
                0x08027918       0x44 ./Obj/Resources.o
 .text.ResourcesBitmap__Init
                0x0802795c       0x28 ./Obj/Resources.o
                0x0802795c                ResourcesBitmap__Init
 .text.ResourcesFont__Init
                0x08027984       0x38 ./Obj/Resources.o
                0x08027984                ResourcesFont__Init
 .text.ResourcesBitmap__OnSetFrameSize
                0x080279bc       0x1c ./Obj/Resources.o
                0x080279bc                ResourcesBitmap__OnSetFrameSize
 .text.ResourcesBitmap__Update
                0x080279d8        0x8 ./Obj/Resources.o
                0x080279d8                ResourcesBitmap__Update
 .text.ResourcesFont_GetFlowTextAdvance
                0x080279e0        0xc ./Obj/Resources.o
                0x080279e0                ResourcesFont_GetFlowTextAdvance
 .text.ResourcesFont_ParseFlowString
                0x080279ec       0x48 ./Obj/Resources.o
                0x080279ec                ResourcesFont_ParseFlowString
 .text.ResourcesFont_GetTextAdvance
                0x08027a34       0x38 ./Obj/Resources.o
                0x08027a34                ResourcesFont_GetTextAdvance
 .text.ViewsRectangle__Init
                0x08027a6c       0x24 ./Obj/Views.o
                0x08027a6c                ViewsRectangle__Init
 .text.ViewsImage__Init
                0x08027a90       0x3c ./Obj/Views.o
                0x08027a90                ViewsImage__Init
 .text.ViewsText__Init
                0x08027acc       0x34 ./Obj/Views.o
                0x08027acc                ViewsText__Init
 .text.ViewsRectangle__ReInit
                0x08027b00        0x4 ./Obj/Views.o
                0x08027b00                ViewsRectangle__ReInit
 .text.ViewsImage__ReInit
                0x08027b04        0x4 ./Obj/Views.o
                0x08027b04                ViewsImage__ReInit
 .text.ViewsText__ReInit
                0x08027b08        0x4 ./Obj/Views.o
                0x08027b08                ViewsText__ReInit
 .text.ViewsRectangle__Done
                0x08027b0c        0xc ./Obj/Views.o
                0x08027b0c                ViewsRectangle__Done
 .text.ViewsImage__Done
                0x08027b18        0xc ./Obj/Views.o
                0x08027b18                ViewsImage__Done
 .text.ViewsRectangle_Draw
                0x08027b24      0x124 ./Obj/Views.o
                0x08027b24                ViewsRectangle_Draw
 .text.ViewsImage_timerSlot
                0x08027c48       0xe4 ./Obj/Views.o
                0x08027c48                ViewsImage_timerSlot
 .text.ViewsText_preOnUpdateSlot
                0x08027d2c       0x10 ./Obj/Views.o
                0x08027d2c                ViewsText_preOnUpdateSlot
 .text.ViewsText_preReparseSlot
                0x08027d3c       0x28 ./Obj/Views.o
                0x08027d3c                ViewsText_preReparseSlot
 .text.ViewsText_OnSetBounds
                0x08027d64      0x148 ./Obj/Views.o
                0x08027d64                ViewsText_OnSetBounds
 .text.ViewsText__Done
                0x08027eac       0x24 ./Obj/Views.o
                0x08027eac                ViewsText__Done
 .text.ViewsRectangle_OnSetColor
                0x08027ed0       0x64 ./Obj/Views.o
                0x08027ed0                ViewsRectangle_OnSetColor
 .text.ViewsImage_OnSetAnimated
                0x08027f34       0xa4 ./Obj/Views.o
                0x08027f34                ViewsImage_OnSetAnimated
 .text.ViewsImage_GetContentArea
                0x08027fd8      0x5dc ./Obj/Views.o
                0x08027fd8                ViewsImage_GetContentArea
 .text.ViewsImage_Draw
                0x080285b4      0x420 ./Obj/Views.o
                0x080285b4                ViewsImage_Draw
 .text.ViewsImage_observerSlot
                0x080289d4       0x74 ./Obj/Views.o
                0x080289d4                ViewsImage_observerSlot
 .text.ViewsImage_OnSetAutoSize
                0x08028a48       0x60 ./Obj/Views.o
                0x08028a48                ViewsImage_OnSetAutoSize
 .text.ViewsImage_OnSetBitmap
                0x08028aa8      0x100 ./Obj/Views.o
                0x08028aa8                ViewsImage_OnSetBitmap
 .text.ViewsText_OnSetWrapText
                0x08028ba8       0x60 ./Obj/Views.o
                0x08028ba8                ViewsText_OnSetWrapText
 .text.ViewsText_OnSetAlignment
                0x08028c08       0x84 ./Obj/Views.o
                0x08028c08                ViewsText_OnSetAlignment
 .text.ViewsText_OnSetString
                0x08028c8c       0x48 ./Obj/Views.o
                0x08028c8c                ViewsText_OnSetString
 .text.ViewsText_OnSetFont
                0x08028cd4       0x38 ./Obj/Views.o
                0x08028cd4                ViewsText_OnSetFont
 .text.ViewsText_OnSetColor
                0x08028d0c       0x64 ./Obj/Views.o
                0x08028d0c                ViewsText_OnSetColor
 .text.ViewsText_IsBaseDirectionRTL
                0x08028d70       0x3c ./Obj/Views.o
                0x08028d70                ViewsText_IsBaseDirectionRTL
 .text.ViewsText_IsBidiText
                0x08028dac       0x3c ./Obj/Views.o
                0x08028dac                ViewsText_IsBidiText
 .text.ViewsText_GetContentArea
                0x08028de8      0x420 ./Obj/Views.o
                0x08028de8                ViewsText_GetContentArea
 .text.ViewsText_Draw
                0x08029208      0x4d8 ./Obj/Views.o
                0x08029208                ViewsText_Draw
 .text.ViewsText_reparseSlot
                0x080296e0      0x868 ./Obj/Views.o
                0x080296e0                ViewsText_reparseSlot
 .text.ApplicationApplication__Init
                0x08029f48      0x2fc ./Obj/Application.o
                0x08029f48                ApplicationApplication__Init
 .text.ApplicationApplication__ReInit
                0x0802a244       0x44 ./Obj/Application.o
                0x0802a244                ApplicationApplication__ReInit
 .text.ApplicationApplication__Done
                0x0802a288       0x50 ./Obj/Application.o
                0x0802a288                ApplicationApplication__Done
 .text.ApplicationApplication_OnTouch
                0x0802a2d8       0x78 ./Obj/Application.o
                0x0802a2d8                ApplicationApplication_OnTouch
 .text.EwAlloc  0x0802a350        0x4 ./Obj/ewextrte.o
                0x0802a350                EwAlloc
 .text.EwFree   0x0802a354        0x4 ./Obj/ewextrte.o
                0x0802a354                EwFree
 .text.EwPanic  0x0802a358       0x10 ./Obj/ewextrte.o
                0x0802a358                EwPanic
 .text.EwConsoleOutput
                0x0802a368       0x34 ./Obj/ewextrte.o
                0x0802a368                EwConsoleOutput
 .text.EwGetTicks
                0x0802a39c        0x4 ./Obj/ewextrte.o
                0x0802a39c                EwGetTicks
 .text.EwZero   0x0802a3a0        0x8 ./Obj/ewextrte.o
                0x0802a3a0                EwZero
 .text.EwFill   0x0802a3a8        0x4 ./Obj/ewextrte.o
                0x0802a3a8                EwFill
 .text.EwMove   0x0802a3ac        0x4 ./Obj/ewextrte.o
                0x0802a3ac                EwMove
 .text.EwCopy   0x0802a3b0        0x4 ./Obj/ewextrte.o
                0x0802a3b0                EwCopy
 .text.EwMathSin
                0x0802a3b4       0x10 ./Obj/ewextrte.o
                0x0802a3b4                EwMathSin
 .text.EwMathCos
                0x0802a3c4       0x10 ./Obj/ewextrte.o
                0x0802a3c4                EwMathCos
 .text.EwMathArcCos
                0x0802a3d4       0x14 ./Obj/ewextrte.o
                0x0802a3d4                EwMathArcCos
 .text.EwMathSqrt
                0x0802a3e8       0x24 ./Obj/ewextrte.o
                0x0802a3e8                EwMathSqrt
 .text.EwMathPow
                0x0802a40c        0x4 ./Obj/ewextrte.o
                0x0802a40c                EwMathPow
 .text.EwMathRandInt32
                0x0802a410       0x34 ./Obj/ewextrte.o
                0x0802a410                EwMathRandInt32
 .text.EwMathCeil
                0x0802a444        0x8 ./Obj/ewextrte.o
                0x0802a444                EwMathCeil
 .text.GfxInitGfx
                0x0802a44c       0x7c ./Obj/ewextgfx.o
                0x0802a44c                GfxInitGfx
 .text.GfxInitViewport
                0x0802a4c8      0x1a8 ./Obj/ewextgfx.o
                0x0802a4c8                GfxInitViewport
 .text.GfxDoneViewport
                0x0802a670       0x44 ./Obj/ewextgfx.o
                0x0802a670                GfxDoneViewport
 .text.GfxBeginUpdate
                0x0802a6b4       0x24 ./Obj/ewextgfx.o
                0x0802a6b4                GfxBeginUpdate
 .text.GfxBeginUpdateArea
                0x0802a6d8       0x48 ./Obj/ewextgfx.o
                0x0802a6d8                GfxBeginUpdateArea
 .text.GfxEndUpdate
                0x0802a720       0x64 ./Obj/ewextgfx.o
                0x0802a720                GfxEndUpdate
 .text.GfxCreateSurface
                0x0802a784       0xe4 ./Obj/ewextgfx.o
                0x0802a784                GfxCreateSurface
 .text.GfxCreateConstSurface
                0x0802a868       0xb8 ./Obj/ewextgfx.o
                0x0802a868                GfxCreateConstSurface
 .text.GfxDestroySurface
                0x0802a920       0x44 ./Obj/ewextgfx.o
                0x0802a920                GfxDestroySurface
 .text.GfxLockSurface
                0x0802a964       0x68 ./Obj/ewextgfx.o
                0x0802a964                GfxLockSurface
 .text.GfxUnlockSurface
                0x0802a9cc        0x4 ./Obj/ewextgfx.o
                0x0802a9cc                GfxUnlockSurface
 .text.GfxFillDriver
                0x0802a9d0      0x114 ./Obj/ewextgfx.o
                0x0802a9d0                GfxFillDriver
 .text.GfxCopyDriver
                0x0802aae4      0x238 ./Obj/ewextgfx.o
                0x0802aae4                GfxCopyDriver
 .text.GfxBlendDriver
                0x0802ad1c      0x21c ./Obj/ewextgfx.o
                0x0802ad1c                GfxBlendDriver
 .text.EwBspSystemInit
                0x0802af38      0x270 ./Obj/ew_bsp_system.o
                0x0802af38                EwBspSystemInit
 .text.EwBspSystemDone
                0x0802b1a8        0x4 ./Obj/ew_bsp_system.o
                0x0802b1a8                EwBspSystemDone
 .text.HAL_RTC_MspInit
                0x0802b1ac       0x4c ./Obj/ew_bsp_clock.o
                0x0802b1ac                HAL_RTC_MspInit
 .text.EwBspClockInit
                0x0802b1f8       0x4c ./Obj/ew_bsp_clock.o
                0x0802b1f8                EwBspClockInit
 .text.EwBspClockTickIncrement
                0x0802b244       0x10 ./Obj/ew_bsp_clock.o
                0x0802b244                EwBspClockTickIncrement
 .text.EwBspClockGetTicks
                0x0802b254        0xc ./Obj/ew_bsp_clock.o
                0x0802b254                EwBspClockGetTicks
 .text.EwBspClockGetTime
                0x0802b260       0x84 ./Obj/ew_bsp_clock.o
                0x0802b260                EwBspClockGetTime
 .text.EwBspClockSetTime
                0x0802b2e4      0x1d4 ./Obj/ew_bsp_clock.o
                0x0802b2e4                EwBspClockSetTime
 .text.EwBspClockCpuLoadSetActive
                0x0802b4b8       0x7c ./Obj/ew_bsp_clock.o
                0x0802b4b8                EwBspClockCpuLoadSetActive
 .text.EwBspClockCpuLoadSetIdle
                0x0802b534       0x28 ./Obj/ew_bsp_clock.o
                0x0802b534                EwBspClockCpuLoadSetIdle
 .text.EwBspEventWait
                0x0802b55c       0x40 ./Obj/ew_bsp_event.o
                0x0802b55c                EwBspEventWait
 .text.DSI_IO_Read
                0x0802b59c       0x28 ./Obj/ew_bsp_display.o
 .text.DSI_IO_Write
                0x0802b5c4       0x40 ./Obj/ew_bsp_display.o
 .text.WaitForDsiTransfer.part.1
                0x0802b604       0x30 ./Obj/ew_bsp_display.o
 .text.HAL_DSI_MspInit
                0x0802b634        0xc ./Obj/ew_bsp_display.o
                0x0802b634                HAL_DSI_MspInit
 .text.LCD_MspInit
                0x0802b640       0xc8 ./Obj/ew_bsp_display.o
                0x0802b640                LCD_MspInit
 .text.LTDC_IRQHandler
                0x0802b708        0xc ./Obj/ew_bsp_display.o
                0x0802b708                LTDC_IRQHandler
 .text.LTDC_ER_IRQHandler
                0x0802b714        0x4 ./Obj/ew_bsp_display.o
                0x0802b714                LTDC_ER_IRQHandler
 .text.DSI_IRQHandler
                0x0802b718        0xc ./Obj/ew_bsp_display.o
                0x0802b718                DSI_IRQHandler
 .text.HAL_DSI_TearingEffectCallback
                0x0802b724       0x14 ./Obj/ew_bsp_display.o
                0x0802b724                HAL_DSI_TearingEffectCallback
 .text.HAL_DSI_EndOfRefreshCallback
                0x0802b738       0xcc ./Obj/ew_bsp_display.o
                0x0802b738                HAL_DSI_EndOfRefreshCallback
 .text.EwBspDisplayInit
                0x0802b804      0x354 ./Obj/ew_bsp_display.o
                0x0802b804                EwBspDisplayInit
 .text.EwBspDisplayDone
                0x0802bb58        0x4 ./Obj/ew_bsp_display.o
                0x0802bb58                EwBspDisplayDone
 .text.EwBspDisplayGetUpdateArea
                0x0802bb5c        0x4 ./Obj/ew_bsp_display.o
                0x0802bb5c                EwBspDisplayGetUpdateArea
 .text.EwBspDisplayWaitForCompletion
                0x0802bb60        0x4 ./Obj/ew_bsp_display.o
                0x0802bb60                EwBspDisplayWaitForCompletion
 .text.EwBspDisplayCommitBuffer
                0x0802bb64       0xe4 ./Obj/ew_bsp_display.o
                0x0802bb64                EwBspDisplayCommitBuffer
 .text.EwBspTouchInit
                0x0802bc48       0x94 ./Obj/ew_bsp_touch.o
                0x0802bc48                EwBspTouchInit
 .text.EwBspTouchDone
                0x0802bcdc        0x4 ./Obj/ew_bsp_touch.o
                0x0802bcdc                EwBspTouchDone
 .text.EwBspTouchGetEvents
                0x0802bce0      0x1c8 ./Obj/ew_bsp_touch.o
                0x0802bce0                EwBspTouchGetEvents
 .text.HAL_UART_MspInit
                0x0802bea8       0x8c ./Obj/ew_bsp_console.o
                0x0802bea8                HAL_UART_MspInit
 .text.EwBspConsoleInit
                0x0802bf34       0x30 ./Obj/ew_bsp_console.o
                0x0802bf34                EwBspConsoleInit
 .text.EwBspConsoleDone
                0x0802bf64        0x4 ./Obj/ew_bsp_console.o
                0x0802bf64                EwBspConsoleDone
 .text.EwBspConsolePutCharacter
                0x0802bf68       0x20 ./Obj/ew_bsp_console.o
                0x0802bf68                EwBspConsolePutCharacter
 .text.EwBspInOutInitButton
                0x0802bf88       0x60 ./Obj/ew_bsp_inout.o
                0x0802bf88                EwBspInOutInitButton
 .text.EwBspInOutInitLed
                0x0802bfe8        0x8 ./Obj/ew_bsp_inout.o
                0x0802bfe8                EwBspInOutInitLed
 .text.EwBspInOutEventHandler
                0x0802bff0       0x28 ./Obj/ew_bsp_inout.o
                0x0802bff0                EwBspInOutEventHandler
 .text.EwBspGraphicsWaitForCompletion.part.0
                0x0802c018       0x28 ./Obj/ew_bsp_graphics.o
 .text.HAL_DMA2D_MspInit
                0x0802c040       0x38 ./Obj/ew_bsp_graphics.o
                0x0802c040                HAL_DMA2D_MspInit
 .text.HAL_DMA2D_MspDeInit
                0x0802c078       0x20 ./Obj/ew_bsp_graphics.o
                0x0802c078                HAL_DMA2D_MspDeInit
 .text.EwBspGraphicsInit
                0x0802c098       0x60 ./Obj/ew_bsp_graphics.o
                0x0802c098                EwBspGraphicsInit
 .text.EwBspGraphicsDone
                0x0802c0f8        0xc ./Obj/ew_bsp_graphics.o
                0x0802c0f8                EwBspGraphicsDone
 .text.EwBspGraphicsWaitForCompletion
                0x0802c104       0x10 ./Obj/ew_bsp_graphics.o
                0x0802c104                EwBspGraphicsWaitForCompletion
 .text.EwBspGraphicsConcurrentOperation
                0x0802c114        0xc ./Obj/ew_bsp_graphics.o
                0x0802c114                EwBspGraphicsConcurrentOperation
 .text.EwBspGraphicsFill
                0x0802c120       0x6c ./Obj/ew_bsp_graphics.o
                0x0802c120                EwBspGraphicsFill
 .text.EwBspGraphicsFillBlend
                0x0802c18c       0xa0 ./Obj/ew_bsp_graphics.o
                0x0802c18c                EwBspGraphicsFillBlend
 .text.EwBspGraphicsCopy
                0x0802c22c       0xd0 ./Obj/ew_bsp_graphics.o
                0x0802c22c                EwBspGraphicsCopy
 .text.EwBspGraphicsCopyBlend
                0x0802c2fc       0xb0 ./Obj/ew_bsp_graphics.o
                0x0802c2fc                EwBspGraphicsCopyBlend
 .text.EwBspGraphicsLoadClut
                0x0802c3ac       0x54 ./Obj/ew_bsp_graphics.o
                0x0802c3ac                EwBspGraphicsLoadClut
 .text.DMA2D_IRQHandler
                0x0802c400       0x28 ./Obj/ew_bsp_graphics.o
                0x0802c400                DMA2D_IRQHandler
 .text.NMI_Handler
                0x0802c428        0x4 ./Obj/stm32h7xx_it.o
                0x0802c428                NMI_Handler
 .text.HardFault_Handler
                0x0802c42c       0x10 ./Obj/stm32h7xx_it.o
                0x0802c42c                HardFault_Handler
 .text.MemManage_Handler
                0x0802c43c       0x10 ./Obj/stm32h7xx_it.o
                0x0802c43c                MemManage_Handler
 .text.BusFault_Handler
                0x0802c44c       0x10 ./Obj/stm32h7xx_it.o
                0x0802c44c                BusFault_Handler
 .text.UsageFault_Handler
                0x0802c45c       0x10 ./Obj/stm32h7xx_it.o
                0x0802c45c                UsageFault_Handler
 .text.DebugMon_Handler
                0x0802c46c        0x4 ./Obj/stm32h7xx_it.o
                0x0802c46c                DebugMon_Handler
 .text.SysTick_Handler
                0x0802c470       0x14 ./Obj/stm32h7xx_it.o
                0x0802c470                SysTick_Handler
 .text.EXTI15_10_IRQHandler
                0x0802c484       0x18 ./Obj/stm32h7xx_it.o
                0x0802c484                EXTI15_10_IRQHandler
 .text.SystemInit
                0x0802c49c       0x94 ./Obj/system_stm32h7xx.o
                0x0802c49c                SystemInit
 .text.HAL_MspInit
                0x0802c530        0x4 ./Obj/stm32h7xx_hal.o
                0x0802c530                HAL_MspInit
 .text.HAL_InitTick
                0x0802c534       0x4c ./Obj/stm32h7xx_hal.o
                0x0802c534                HAL_InitTick
 .text.HAL_Init
                0x0802c580       0x60 ./Obj/stm32h7xx_hal.o
                0x0802c580                HAL_Init
 .text.HAL_IncTick
                0x0802c5e0       0x18 ./Obj/stm32h7xx_hal.o
                0x0802c5e0                HAL_IncTick
 .text.HAL_GetTick
                0x0802c5f8        0xc ./Obj/stm32h7xx_hal.o
                0x0802c5f8                HAL_GetTick
 .text.HAL_Delay
                0x0802c604       0x24 ./Obj/stm32h7xx_hal.o